exports[`<Header /> renders a tagline 1`] = `
<header
  className="top">
  <h1>
    Catch
    <span
      className="ofThe">
      <span
        className="of">
         of 
      </span>
      <span
        className="the">
         the 
      </span>
    </span>
    Day
  </h1>
  <h3
    className="tagline">
    <span>
      Hello, world!
    </span>
  </h3>
</header>
`;
